// Jest Snapshot v1, https://goo.gl/fbAQLP

exports[`Pagination should render with totalItems and onPageChanged callback function correctly without crash 1`] = `
ShallowWrapper {
  Symbol(enzyme.__root__): [Circular],
  Symbol(enzyme.__unrendered__): <Pagination
    currentPage={1}
    onPageChanged={
      [MockFunction] {
        "calls": Array [
          Array [
            Object {
              "currentPage": 1,
              "perListItems": 3,
              "totalPages": Array [
                1,
                2,
              ],
            },
          ],
        ],
        "results": Array [
          Object {
            "isThrow": false,
            "value": undefined,
          },
        ],
      }
    }
    perListItems={3}
    totalItems={6}
  />,
  Symbol(enzyme.__renderer__): Object {
    "batchedUpdates": [Function],
    "checkPropTypes": [Function],
    "getNode": [Function],
    "render": [Function],
    "simulateError": [Function],
    "simulateEvent": [Function],
    "unmount": [Function],
  },
  Symbol(enzyme.__node__): Object {
    "instance": null,
    "key": undefined,
    "nodeType": "host",
    "props": Object {
      "children": <ul>
        <PaginationItem
          currentPage={1}
          gotoPage={[Function]}
          page={1}
        />
        <PaginationItem
          currentPage={1}
          gotoPage={[Function]}
          page={2}
        />
      </ul>,
    },
    "ref": null,
    "rendered": Object {
      "instance": null,
      "key": undefined,
      "nodeType": "host",
      "props": Object {
        "children": Array [
          <PaginationItem
            currentPage={1}
            gotoPage={[Function]}
            page={1}
          />,
          <PaginationItem
            currentPage={1}
            gotoPage={[Function]}
            page={2}
          />,
        ],
        "className": undefined,
      },
      "ref": null,
      "rendered": Array [
        Object {
          "instance": null,
          "key": "0",
          "nodeType": "class",
          "props": Object {
            "currentPage": 1,
            "gotoPage": [Function],
            "page": 1,
          },
          "ref": null,
          "rendered": null,
          "type": [Function],
        },
        Object {
          "instance": null,
          "key": "1",
          "nodeType": "class",
          "props": Object {
            "currentPage": 1,
            "gotoPage": [Function],
            "page": 2,
          },
          "ref": null,
          "rendered": null,
          "type": [Function],
        },
      ],
      "type": "ul",
    },
    "type": "nav",
  },
  Symbol(enzyme.__nodes__): Array [
    Object {
      "instance": null,
      "key": undefined,
      "nodeType": "host",
      "props": Object {
        "children": <ul>
          <PaginationItem
            currentPage={1}
            gotoPage={[Function]}
            page={1}
          />
          <PaginationItem
            currentPage={1}
            gotoPage={[Function]}
            page={2}
          />
        </ul>,
      },
      "ref": null,
      "rendered": Object {
        "instance": null,
        "key": undefined,
        "nodeType": "host",
        "props": Object {
          "children": Array [
            <PaginationItem
              currentPage={1}
              gotoPage={[Function]}
              page={1}
            />,
            <PaginationItem
              currentPage={1}
              gotoPage={[Function]}
              page={2}
            />,
          ],
          "className": undefined,
        },
        "ref": null,
        "rendered": Array [
          Object {
            "instance": null,
            "key": "0",
            "nodeType": "class",
            "props": Object {
              "currentPage": 1,
              "gotoPage": [Function],
              "page": 1,
            },
            "ref": null,
            "rendered": null,
            "type": [Function],
          },
          Object {
            "instance": null,
            "key": "1",
            "nodeType": "class",
            "props": Object {
              "currentPage": 1,
              "gotoPage": [Function],
              "page": 2,
            },
            "ref": null,
            "rendered": null,
            "type": [Function],
          },
        ],
        "type": "ul",
      },
      "type": "nav",
    },
  ],
  Symbol(enzyme.__options__): Object {
    "adapter": ReactSixteenAdapter {
      "options": Object {
        "enableComponentDidUpdateOnSetState": true,
        "legacyContextMode": "parent",
        "lifecycles": Object {
          "componentDidUpdate": Object {
            "onSetState": true,
          },
          "getChildContext": Object {
            "calledByRenderer": false,
          },
          "getDerivedStateFromProps": true,
          "getSnapshotBeforeUpdate": true,
          "setState": Object {
            "skipsComponentDidUpdateOnNullish": true,
          },
        },
      },
    },
  },
}
`;

exports[`should render with totalItems and onPageChanged callback function correctly without crash 1`] = `
ShallowWrapper {
  Symbol(enzyme.__root__): [Circular],
  Symbol(enzyme.__unrendered__): <Pagination
    currentPage={1}
    onPageChanged={
      [MockFunction] {
        "calls": Array [
          Array [
            Object {
              "currentPage": 1,
              "perListItems": 3,
              "totalPages": Array [
                1,
                2,
              ],
            },
          ],
        ],
        "results": Array [
          Object {
            "isThrow": false,
            "value": undefined,
          },
        ],
      }
    }
    perListItems={3}
    totalItems={6}
  />,
  Symbol(enzyme.__renderer__): Object {
    "batchedUpdates": [Function],
    "checkPropTypes": [Function],
    "getNode": [Function],
    "render": [Function],
    "simulateError": [Function],
    "simulateEvent": [Function],
    "unmount": [Function],
  },
  Symbol(enzyme.__node__): Object {
    "instance": null,
    "key": undefined,
    "nodeType": "host",
    "props": Object {
      "children": <ul>
        <PaginationItem
          currentPage={1}
          gotoPage={[Function]}
          page={1}
        />
        <PaginationItem
          currentPage={1}
          gotoPage={[Function]}
          page={2}
        />
      </ul>,
    },
    "ref": null,
    "rendered": Object {
      "instance": null,
      "key": undefined,
      "nodeType": "host",
      "props": Object {
        "children": Array [
          <PaginationItem
            currentPage={1}
            gotoPage={[Function]}
            page={1}
          />,
          <PaginationItem
            currentPage={1}
            gotoPage={[Function]}
            page={2}
          />,
        ],
        "className": undefined,
      },
      "ref": null,
      "rendered": Array [
        Object {
          "instance": null,
          "key": "0",
          "nodeType": "class",
          "props": Object {
            "currentPage": 1,
            "gotoPage": [Function],
            "page": 1,
          },
          "ref": null,
          "rendered": null,
          "type": [Function],
        },
        Object {
          "instance": null,
          "key": "1",
          "nodeType": "class",
          "props": Object {
            "currentPage": 1,
            "gotoPage": [Function],
            "page": 2,
          },
          "ref": null,
          "rendered": null,
          "type": [Function],
        },
      ],
      "type": "ul",
    },
    "type": "nav",
  },
  Symbol(enzyme.__nodes__): Array [
    Object {
      "instance": null,
      "key": undefined,
      "nodeType": "host",
      "props": Object {
        "children": <ul>
          <PaginationItem
            currentPage={1}
            gotoPage={[Function]}
            page={1}
          />
          <PaginationItem
            currentPage={1}
            gotoPage={[Function]}
            page={2}
          />
        </ul>,
      },
      "ref": null,
      "rendered": Object {
        "instance": null,
        "key": undefined,
        "nodeType": "host",
        "props": Object {
          "children": Array [
            <PaginationItem
              currentPage={1}
              gotoPage={[Function]}
              page={1}
            />,
            <PaginationItem
              currentPage={1}
              gotoPage={[Function]}
              page={2}
            />,
          ],
          "className": undefined,
        },
        "ref": null,
        "rendered": Array [
          Object {
            "instance": null,
            "key": "0",
            "nodeType": "class",
            "props": Object {
              "currentPage": 1,
              "gotoPage": [Function],
              "page": 1,
            },
            "ref": null,
            "rendered": null,
            "type": [Function],
          },
          Object {
            "instance": null,
            "key": "1",
            "nodeType": "class",
            "props": Object {
              "currentPage": 1,
              "gotoPage": [Function],
              "page": 2,
            },
            "ref": null,
            "rendered": null,
            "type": [Function],
          },
        ],
        "type": "ul",
      },
      "type": "nav",
    },
  ],
  Symbol(enzyme.__options__): Object {
    "adapter": ReactSixteenAdapter {
      "options": Object {
        "enableComponentDidUpdateOnSetState": true,
        "legacyContextMode": "parent",
        "lifecycles": Object {
          "componentDidUpdate": Object {
            "onSetState": true,
          },
          "getChildContext": Object {
            "calledByRenderer": false,
          },
          "getDerivedStateFromProps": true,
          "getSnapshotBeforeUpdate": true,
          "setState": Object {
            "skipsComponentDidUpdateOnNullish": true,
          },
        },
      },
    },
  },
}
`;

exports[`should render with totalItems and onPageChanged callback function without crash 1`] = `
ShallowWrapper {
  Symbol(enzyme.__root__): [Circular],
  Symbol(enzyme.__unrendered__): <Pagination
    currentPage={1}
    onPageChanged={
      [MockFunction] {
        "calls": Array [
          Array [
            Object {
              "currentPage": 1,
              "perListItems": 3,
              "totalPages": Array [
                1,
                2,
              ],
            },
          ],
        ],
        "results": Array [
          Object {
            "isThrow": false,
            "value": undefined,
          },
        ],
      }
    }
    perListItems={3}
    totalItems={6}
  />,
  Symbol(enzyme.__renderer__): Object {
    "batchedUpdates": [Function],
    "checkPropTypes": [Function],
    "getNode": [Function],
    "render": [Function],
    "simulateError": [Function],
    "simulateEvent": [Function],
    "unmount": [Function],
  },
  Symbol(enzyme.__node__): Object {
    "instance": null,
    "key": undefined,
    "nodeType": "host",
    "props": Object {
      "children": <ul>
        <PaginationItem
          currentPage={1}
          gotoPage={[Function]}
          page={1}
        />
        <PaginationItem
          currentPage={1}
          gotoPage={[Function]}
          page={2}
        />
      </ul>,
    },
    "ref": null,
    "rendered": Object {
      "instance": null,
      "key": undefined,
      "nodeType": "host",
      "props": Object {
        "children": Array [
          <PaginationItem
            currentPage={1}
            gotoPage={[Function]}
            page={1}
          />,
          <PaginationItem
            currentPage={1}
            gotoPage={[Function]}
            page={2}
          />,
        ],
        "className": undefined,
      },
      "ref": null,
      "rendered": Array [
        Object {
          "instance": null,
          "key": "0",
          "nodeType": "class",
          "props": Object {
            "currentPage": 1,
            "gotoPage": [Function],
            "page": 1,
          },
          "ref": null,
          "rendered": null,
          "type": [Function],
        },
        Object {
          "instance": null,
          "key": "1",
          "nodeType": "class",
          "props": Object {
            "currentPage": 1,
            "gotoPage": [Function],
            "page": 2,
          },
          "ref": null,
          "rendered": null,
          "type": [Function],
        },
      ],
      "type": "ul",
    },
    "type": "nav",
  },
  Symbol(enzyme.__nodes__): Array [
    Object {
      "instance": null,
      "key": undefined,
      "nodeType": "host",
      "props": Object {
        "children": <ul>
          <PaginationItem
            currentPage={1}
            gotoPage={[Function]}
            page={1}
          />
          <PaginationItem
            currentPage={1}
            gotoPage={[Function]}
            page={2}
          />
        </ul>,
      },
      "ref": null,
      "rendered": Object {
        "instance": null,
        "key": undefined,
        "nodeType": "host",
        "props": Object {
          "children": Array [
            <PaginationItem
              currentPage={1}
              gotoPage={[Function]}
              page={1}
            />,
            <PaginationItem
              currentPage={1}
              gotoPage={[Function]}
              page={2}
            />,
          ],
          "className": undefined,
        },
        "ref": null,
        "rendered": Array [
          Object {
            "instance": null,
            "key": "0",
            "nodeType": "class",
            "props": Object {
              "currentPage": 1,
              "gotoPage": [Function],
              "page": 1,
            },
            "ref": null,
            "rendered": null,
            "type": [Function],
          },
          Object {
            "instance": null,
            "key": "1",
            "nodeType": "class",
            "props": Object {
              "currentPage": 1,
              "gotoPage": [Function],
              "page": 2,
            },
            "ref": null,
            "rendered": null,
            "type": [Function],
          },
        ],
        "type": "ul",
      },
      "type": "nav",
    },
  ],
  Symbol(enzyme.__options__): Object {
    "adapter": ReactSixteenAdapter {
      "options": Object {
        "enableComponentDidUpdateOnSetState": true,
        "legacyContextMode": "parent",
        "lifecycles": Object {
          "componentDidUpdate": Object {
            "onSetState": true,
          },
          "getChildContext": Object {
            "calledByRenderer": false,
          },
          "getDerivedStateFromProps": true,
          "getSnapshotBeforeUpdate": true,
          "setState": Object {
            "skipsComponentDidUpdateOnNullish": true,
          },
        },
      },
    },
  },
}
`;
